// Jest Snapshot v1, https://goo.gl/fbAQLP

exports[`Loot renderiza corretamente 1`] = `
ShallowWrapper {
  "length": 1,
  Symbol(enzyme.__root__): [Circular],
  Symbol(enzyme.__unrendered__): <Loot
    bitcoin={Object {}}
    saldo={10}
/>,
  Symbol(enzyme.__renderer__): Object {
    "batchedUpdates": [Function],
    "getNode": [Function],
    "render": [Function],
    "simulateEvent": [Function],
    "unmount": [Function],
  },
  Symbol(enzyme.__node__): Object {
    "instance": null,
    "key": undefined,
    "nodeType": "host",
    "props": Object {
      "children": Array [
        "Saldo em Bitcoin: ",
        "",
      ],
    },
    "ref": null,
    "rendered": Array [
      "Saldo em Bitcoin: ",
      "",
    ],
    "type": "h3",
  },
  Symbol(enzyme.__nodes__): Array [
    Object {
      "instance": null,
      "key": undefined,
      "nodeType": "host",
      "props": Object {
        "children": Array [
          "Saldo em Bitcoin: ",
          "",
        ],
      },
      "ref": null,
      "rendered": Array [
        "Saldo em Bitcoin: ",
        "",
      ],
      "type": "h3",
    },
  ],
  Symbol(enzyme.__options__): Object {
    "adapter": ReactSixteenAdapter {
      "options": Object {
        "enableComponentDidUpdateOnSetState": true,
      },
    },
    "disableLifecycleMethods": true,
  },
}
`;
